Expired items: 
+-----------+----+-----------+-----------+--------------+------------------+--------+---------------+-------------+
|Material ID|Name|Description|Search tags|Differentiator|Value per Quantity|Quantity|Life span start|Life span end|
+-----------+----+-----------+-----------+--------------+------------------+--------+---------------+-------------+
+-----------+----+-----------+-----------+--------------+------------------+--------+---------------+-------------+

Total value of expired items: 0.0
Purchased items: 
+-----------+-------------------------------------------------------+--------------+-----------+--------------+------------------+--------+---------------+-------------+
|Material ID|Name                                                   |Description   |Search tags|Differentiator|Value per Quantity|Quantity|Life span start|Life span end|
+-----------+-------------------------------------------------------+--------------+-----------+--------------+------------------+--------+---------------+-------------+
|-605171912 |Porche 911 GT3 RS                                      |hotwheels ungu|[]         |              |40000.0           |100.0   |               |             |
|900118607  |An item to calculate profit for Material ID: -605171912|hotwheels ungu|[]         |-605171912    |-1000000.0        |1.0     |               |             |
+-----------+-------------------------------------------------------+--------------+-----------+--------------+------------------+--------+---------------+-------------+

Total value of purchased items: 3000000.0
Sold items: 
+-----------+-----------------+--------------+-----------+--------------+------------------+--------+---------------+-------------+
|Material ID|Name             |Description   |Search tags|Differentiator|Value per Quantity|Quantity|Life span start|Life span end|
+-----------+-----------------+--------------+-----------+--------------+------------------+--------+---------------+-------------+
|-393820999 |Porche 911 GT3 RS|hotwheels ungu|[]         |              |50000.0           |100.0   |               |             |
+-----------+-----------------+--------------+-----------+--------------+------------------+--------+---------------+-------------+

Total value of sold items: 5000000.0
Stolen items: 
+-----------+----+-----------+-----------+--------------+------------------+--------+---------------+-------------+
|Material ID|Name|Description|Search tags|Differentiator|Value per Quantity|Quantity|Life span start|Life span end|
+-----------+----+-----------+-----------+--------------+------------------+--------+---------------+-------------+
+-----------+----+-----------+-----------+--------------+------------------+--------+---------------+-------------+

Total value of stolen items: 0.0
Built items: 
+-----------+----+-----------+-----------+--------------+------------------+--------+---------------+-------------+
|Material ID|Name|Description|Search tags|Differentiator|Value per Quantity|Quantity|Life span start|Life span end|
+-----------+----+-----------+-----------+--------------+------------------+--------+---------------+-------------+
+-----------+----+-----------+-----------+--------------+------------------+--------+---------------+-------------+

Total value of built items: 0.0
Tabulated (after changes) items: 
+-----------+-------------------------------------------------------+--------------+-----------+--------------+------------------+--------+---------------+-------------+
|Material ID|Name                                                   |Description   |Search tags|Differentiator|Value per Quantity|Quantity|Life span start|Life span end|
+-----------+-------------------------------------------------------+--------------+-----------+--------------+------------------+--------+---------------+-------------+
|900118607  |An item to calculate profit for Material ID: -605171912|hotwheels ungu|[]         |-605171912    |-1000000.0        |1.0     |               |             |
+-----------+-------------------------------------------------------+--------------+-----------+--------------+------------------+--------+---------------+-------------+

Net revenue: 1000000.0
Changes committed, thanks for using us for your business.
Transaction log: 
Transaction: ADD -605171912
Transaction: REMOVE -605171912
Transaction: ADD 900118607
